// Jest Snapshot v1, https://goo.gl/fbAQLP

exports[`About page should render correctly 1`] = `
<section
  className="min-h-screen items-center justify-center p-2 text-white sm:ml-40 sm:space-y-6"
  data-testid="about-page"
  id="about-page"
  style={
    Object {
      "opacity": 0,
      "transform": "scale(0) translateZ(0)",
    }
  }
>
  <div
    className="mt-10 px-20 sm:hidden"
    style={
      Object {
        "opacity": 0,
        "transform": "scale(0) translateZ(0)",
      }
    }
  >
    <img
      alt="portfolio pic"
      className="m-2 rounded-full border-4 border-solid border-sky-500"
      src="https://hcandelariapersonalportfolio.s3.amazonaws.com/images/portofolio/profile.jpg"
    />
  </div>
  <div
    style={
      Object {
        "opacity": 0,
        "transform": "scale(0) translateZ(0)",
      }
    }
  >
    <h1>
      Hello there!
    </h1>
    <p
      className="flow-text"
    >
      My name is Hector. I am an enthusiastic software engineer from New Jersey.
    </p>
  </div>
  <div
    style={
      Object {
        "opacity": 0,
        "transform": "scale(0) translateZ(0)",
      }
    }
  >
    <p
      className="flow-text"
    >
      From a very young age, I’ve developed a passion for technology, problem-solving, and data analysis.
    </p>
  </div>
  <div
    style={
      Object {
        "opacity": 0,
        "transform": "scale(0) translateZ(0)",
      }
    }
  >
    <p
      className="flow-text"
    >
      I have experience in:
    </p>
    <ul
      className="px-4"
    >
      <li
        className="flow-text"
      >
        The Health sector, as an Application Systems Analyst at Atlantic Health System, I utilize my skills for troubleshooting systems, networks, and automation. I also serve as an admin/developer for our ITSM system, applying ITIL best practices to optimize and manage IT service delivery.
      </li>
      <li
        className="flow-text"
      >
        The Education sector, as an Teacher Assistant at Rutgers university. Teaching, mentoring, helping and inspiring youth and veteran developers learn new technologies.
      </li>
    </ul>
  </div>
  <div
    style={
      Object {
        "opacity": 0,
        "transform": "scale(0) translateZ(0)",
      }
    }
  >
    <p
      className="flow-text"
    >
      I enjoy developing software, learning new technologies, mentoring and helping others. I've continuously learned new technologies to pursuit my passion and consider myself a jack-of-all-trades.
    </p>
  </div>
  <div
    style={
      Object {
        "opacity": 0,
        "transform": "scale(0) translateZ(0)",
      }
    }
  >
    <p>
      <span>
        "
      </span>
      Jack of all trades, Master of None, Though Oftentimes better Than master of one.
      <span>
        "
      </span>
    </p>
  </div>
</section>
`;
