// Jest Snapshot v1, https://goo.gl/fbAQLP

exports[`Projects page should render correctly 1`] = `
<section
  className="min-h-screen items-center justify-center py-4 sm:ml-40"
  data-testid="projects-page"
  id="projects-page"
  style={Object {}}
>
  <ul
    className="grid grid-cols-1 md:grid-cols-2 lg:grid-cols-3 xl:grid-cols-4"
    id="projects-container"
    style={
      Object {
        "opacity": 1,
        "transform": "scale(0) translateZ(0)",
      }
    }
  >
    <div
      className="bg-black-russian-700 flex justify-center mx-4 mt-5"
      role="note"
      style={
        Object {
          "opacity": 0,
          "transform": "translateY(100px) translateZ(0)",
        }
      }
    >
      <div
        className="rounded-lg max-w-sm"
      >
        <div
          className="carousel slide relative p-2"
          data-bs-ride="carousel"
          id="imageCarousel"
        >
          <div
            className="carousel-inner relative w-full flex overflow-hidden"
          >
            <div
              className="carousel-item active min-w-full"
              style={
                Object {
                  "opacity": 0,
                  "transform": "translateX(300px) translateZ(0)",
                }
              }
            >
              <img
                alt="project 0"
                src="https://hcandelariapersonalportfolio.s3.amazonaws.com/images/dataVisualization/dataVisualization1.png"
                style={
                  Object {
                    "display": "block",
                  }
                }
              />
              <img
                alt="project 0"
                src="https://hcandelariapersonalportfolio.s3.amazonaws.com/images/dataVisualization/dataVisualization2.png"
                style={
                  Object {
                    "display": "none",
                  }
                }
              />
              <img
                alt="project 0"
                src="https://hcandelariapersonalportfolio.s3.amazonaws.com/images/dataVisualization/dataVisualization3.png"
                style={
                  Object {
                    "display": "none",
                  }
                }
              />
              <img
                alt="project 0"
                src="https://hcandelariapersonalportfolio.s3.amazonaws.com/images/dataVisualization/dataVisualization4.png"
                style={
                  Object {
                    "display": "none",
                  }
                }
              />
              <img
                alt="project 0"
                src="https://hcandelariapersonalportfolio.s3.amazonaws.com/images/dataVisualization/dataVisualization5.png"
                style={
                  Object {
                    "display": "none",
                  }
                }
              />
            </div>
          </div>
          <button
            className="flex absolute top-0 left-0 z-10 justify-center items-center px-4 h-full cursor-pointer group focus:outline-none"
            data-carousel-prev={true}
            onClick={[Function]}
            type="button"
          >
            <span
              className="inline-flex justify-center items-center w-8 h-8 rounded-full sm:w-10 sm:h-10 bg-white/30 dark:bg-gray-800/30 group-hover:bg-white/50 dark:group-hover:bg-gray-800/60 group-focus:ring-4 group-focus:ring-white dark:group-focus:ring-gray-800/70 group-focus:outline-none"
            >
              <ion-icon
                name="arrow-back-outline"
                size="large"
              />
              <span
                className="hidden"
              >
                Previous
              </span>
            </span>
          </button>
          <button
            className="flex absolute top-0 right-0 z-10 justify-center items-center px-4 h-full cursor-pointer group focus:outline-none"
            data-carousel-next={true}
            onClick={[Function]}
            type="button"
          >
            <span
              className="inline-flex justify-center items-center w-8 h-8 rounded-full sm:w-10 sm:h-10 bg-white/30 dark:bg-gray-800/30 group-hover:bg-white/50 dark:group-hover:bg-gray-800/60 group-focus:ring-4 group-focus:ring-white dark:group-focus:ring-gray-800/70 group-focus:outline-none"
            >
              <ion-icon
                name="arrow-forward-outline"
                size="large"
              />
              <span
                className="hidden"
              >
                Next
              </span>
            </span>
          </button>
        </div>
        <div
          className="p-6"
        >
          <h5
            className="text-gray-400 text-xl font-medium mb-2"
          >
            Data Visualization
          </h5>
          <p
            className="text-gray-300 text-base mb-4"
          >
            Data Visuaization for my data analysis.
          </p>
          <div
            className="justify-center my-1 select-none whitespace-pre-wrap text-gray-300"
          >
            Frontend:
            <div
              className="px-1 m-1 inline-block shadow-md no-underline rounded-full bg-info text-white border-info btn-primary text-md sm:text-sm"
            >
              React
            </div>
            <div
              className="px-1 m-1 inline-block shadow-md no-underline rounded-full bg-info text-white border-info btn-primary text-md sm:text-sm"
            >
              HTML5
            </div>
            <div
              className="px-1 m-1 inline-block shadow-md no-underline rounded-full bg-info text-white border-info btn-primary text-md sm:text-sm"
            >
              CSS3
            </div>
            <div
              className="px-1 m-1 inline-block shadow-md no-underline rounded-full bg-info text-white border-info btn-primary text-md sm:text-sm"
            >
              TypeScript
            </div>
            <div
              className="px-1 m-1 inline-block shadow-md no-underline rounded-full bg-info text-white border-info btn-primary text-md sm:text-sm"
            >
              Ionic
            </div>
            <div
              className="px-1 m-1 inline-block shadow-md no-underline rounded-full bg-info text-white border-info btn-primary text-md sm:text-sm"
            >
              Rechart
            </div>
            <div
              className="px-1 m-1 inline-block shadow-md no-underline rounded-full bg-info text-white border-info btn-primary text-md sm:text-sm"
            >
              Nivo
            </div>
          </div>
          <div
            className="justify-center my-1 select-none whitespace-pre-wrap text-gray-300"
          >
            Backend:
            <div
              className="px-1 m-1 inline-block shadow-md no-underline rounded-full bg-warning text-white border-warning btn-primary text-md sm:text-sm"
            >
              REST API
            </div>
            <div
              className="px-1 m-1 inline-block shadow-md no-underline rounded-full bg-warning text-white border-warning btn-primary text-md sm:text-sm"
            >
              Node
            </div>
            <div
              className="px-1 m-1 inline-block shadow-md no-underline rounded-full bg-warning text-white border-warning btn-primary text-md sm:text-sm"
            >
              Axios
            </div>
            <div
              className="px-1 m-1 inline-block shadow-md no-underline rounded-full bg-warning text-white border-warning btn-primary text-md sm:text-sm"
            >
              React-Router
            </div>
          </div>
          <div
            className="justify-center my-1 select-none whitespace-pre-wrap text-gray-300"
          >
            Services:
            <div
              className="px-1 m-1 inline-block shadow-md no-underline rounded-full bg-primary text-white border-primary btn-primary text-md sm:text-sm"
            >
              AWS S3
            </div>
            <div
              className="px-1 m-1 inline-block shadow-md no-underline rounded-full bg-primary text-white border-primary btn-primary text-md sm:text-sm"
            >
              AWS Amplify
            </div>
            <div
              className="px-1 m-1 inline-block shadow-md no-underline rounded-full bg-primary text-white border-primary btn-primary text-md sm:text-sm"
            >
              AWS Route53
            </div>
          </div>
          <div
            className="justify-center my-1 select-none whitespace-pre-wrap text-gray-300"
          >
            Analisys:
            <div
              className="px-1 m-1 inline-block shadow-md no-underline rounded-full bg-danger text-white border-danger btn-primary text-md sm:text-sm"
            >
              Python
            </div>
            <div
              className="px-1 m-1 inline-block shadow-md no-underline rounded-full bg-danger text-white border-danger btn-primary text-md sm:text-sm"
            >
              Pandas
            </div>
            <div
              className="px-1 m-1 inline-block shadow-md no-underline rounded-full bg-danger text-white border-danger btn-primary text-md sm:text-sm"
            >
              NumPY
            </div>
            <div
              className="px-1 m-1 inline-block shadow-md no-underline rounded-full bg-danger text-white border-danger btn-primary text-md sm:text-sm"
            >
              Matplotlib
            </div>
          </div>
          <a
            className="icon-link"
            href="https://github.com/hcandelaria/dataVisualization"
            rel="noreferrer"
            target="_blank"
          >
            <iconify-icon
              height="32px"
              icon="logo-github"
              width="32px"
            />
          </a>
          <a
            className="icon-link"
            href="https://data.hcandelaria.com"
            rel="noreferrer"
            target="_blank"
          >
            <iconify-icon
              height="32px"
              icon="globe-outline"
              width="32px"
            />
          </a>
        </div>
      </div>
    </div>
    <div
      className="bg-black-russian-700 flex justify-center mx-4 mt-5"
      role="note"
      style={
        Object {
          "opacity": 0,
          "transform": "translateY(100px) translateZ(0)",
        }
      }
    >
      <div
        className="rounded-lg max-w-sm"
      >
        <div
          className="carousel slide relative p-2"
          data-bs-ride="carousel"
          id="imageCarousel"
        >
          <div
            className="carousel-inner relative w-full flex overflow-hidden"
          >
            <div
              className="carousel-item active min-w-full"
              style={
                Object {
                  "opacity": 0,
                  "transform": "translateX(300px) translateZ(0)",
                }
              }
            >
              <img
                alt="project 0"
                src="https://hcandelariapersonalportfolio.s3.amazonaws.com/images/dataVisualization/dataVisualization1.png"
                style={
                  Object {
                    "display": "block",
                  }
                }
              />
              <img
                alt="project 0"
                src="https://hcandelariapersonalportfolio.s3.amazonaws.com/images/dataVisualization/dataVisualization2.png"
                style={
                  Object {
                    "display": "none",
                  }
                }
              />
              <img
                alt="project 0"
                src="https://hcandelariapersonalportfolio.s3.amazonaws.com/images/dataVisualization/dataVisualization3.png"
                style={
                  Object {
                    "display": "none",
                  }
                }
              />
              <img
                alt="project 0"
                src="https://hcandelariapersonalportfolio.s3.amazonaws.com/images/dataVisualization/dataVisualization4.png"
                style={
                  Object {
                    "display": "none",
                  }
                }
              />
              <img
                alt="project 0"
                src="https://hcandelariapersonalportfolio.s3.amazonaws.com/images/dataVisualization/dataVisualization5.png"
                style={
                  Object {
                    "display": "none",
                  }
                }
              />
            </div>
          </div>
          <button
            className="flex absolute top-0 left-0 z-10 justify-center items-center px-4 h-full cursor-pointer group focus:outline-none"
            data-carousel-prev={true}
            onClick={[Function]}
            type="button"
          >
            <span
              className="inline-flex justify-center items-center w-8 h-8 rounded-full sm:w-10 sm:h-10 bg-white/30 dark:bg-gray-800/30 group-hover:bg-white/50 dark:group-hover:bg-gray-800/60 group-focus:ring-4 group-focus:ring-white dark:group-focus:ring-gray-800/70 group-focus:outline-none"
            >
              <ion-icon
                name="arrow-back-outline"
                size="large"
              />
              <span
                className="hidden"
              >
                Previous
              </span>
            </span>
          </button>
          <button
            className="flex absolute top-0 right-0 z-10 justify-center items-center px-4 h-full cursor-pointer group focus:outline-none"
            data-carousel-next={true}
            onClick={[Function]}
            type="button"
          >
            <span
              className="inline-flex justify-center items-center w-8 h-8 rounded-full sm:w-10 sm:h-10 bg-white/30 dark:bg-gray-800/30 group-hover:bg-white/50 dark:group-hover:bg-gray-800/60 group-focus:ring-4 group-focus:ring-white dark:group-focus:ring-gray-800/70 group-focus:outline-none"
            >
              <ion-icon
                name="arrow-forward-outline"
                size="large"
              />
              <span
                className="hidden"
              >
                Next
              </span>
            </span>
          </button>
        </div>
        <div
          className="p-6"
        >
          <h5
            className="text-gray-400 text-xl font-medium mb-2"
          >
            Data Visualization
          </h5>
          <p
            className="text-gray-300 text-base mb-4"
          >
            Data Visuaization for my data analysis.
          </p>
          <div
            className="justify-center my-1 select-none whitespace-pre-wrap text-gray-300"
          >
            Frontend:
            <div
              className="px-1 m-1 inline-block shadow-md no-underline rounded-full bg-info text-white border-info btn-primary text-md sm:text-sm"
            >
              React
            </div>
            <div
              className="px-1 m-1 inline-block shadow-md no-underline rounded-full bg-info text-white border-info btn-primary text-md sm:text-sm"
            >
              HTML5
            </div>
            <div
              className="px-1 m-1 inline-block shadow-md no-underline rounded-full bg-info text-white border-info btn-primary text-md sm:text-sm"
            >
              CSS3
            </div>
            <div
              className="px-1 m-1 inline-block shadow-md no-underline rounded-full bg-info text-white border-info btn-primary text-md sm:text-sm"
            >
              TypeScript
            </div>
            <div
              className="px-1 m-1 inline-block shadow-md no-underline rounded-full bg-info text-white border-info btn-primary text-md sm:text-sm"
            >
              Ionic
            </div>
            <div
              className="px-1 m-1 inline-block shadow-md no-underline rounded-full bg-info text-white border-info btn-primary text-md sm:text-sm"
            >
              Rechart
            </div>
            <div
              className="px-1 m-1 inline-block shadow-md no-underline rounded-full bg-info text-white border-info btn-primary text-md sm:text-sm"
            >
              Nivo
            </div>
          </div>
          <div
            className="justify-center my-1 select-none whitespace-pre-wrap text-gray-300"
          >
            Backend:
            <div
              className="px-1 m-1 inline-block shadow-md no-underline rounded-full bg-warning text-white border-warning btn-primary text-md sm:text-sm"
            >
              REST API
            </div>
            <div
              className="px-1 m-1 inline-block shadow-md no-underline rounded-full bg-warning text-white border-warning btn-primary text-md sm:text-sm"
            >
              Node
            </div>
            <div
              className="px-1 m-1 inline-block shadow-md no-underline rounded-full bg-warning text-white border-warning btn-primary text-md sm:text-sm"
            >
              Axios
            </div>
            <div
              className="px-1 m-1 inline-block shadow-md no-underline rounded-full bg-warning text-white border-warning btn-primary text-md sm:text-sm"
            >
              React-Router
            </div>
          </div>
          <div
            className="justify-center my-1 select-none whitespace-pre-wrap text-gray-300"
          >
            Services:
            <div
              className="px-1 m-1 inline-block shadow-md no-underline rounded-full bg-primary text-white border-primary btn-primary text-md sm:text-sm"
            >
              AWS S3
            </div>
            <div
              className="px-1 m-1 inline-block shadow-md no-underline rounded-full bg-primary text-white border-primary btn-primary text-md sm:text-sm"
            >
              AWS Amplify
            </div>
            <div
              className="px-1 m-1 inline-block shadow-md no-underline rounded-full bg-primary text-white border-primary btn-primary text-md sm:text-sm"
            >
              AWS Route53
            </div>
          </div>
          <div
            className="justify-center my-1 select-none whitespace-pre-wrap text-gray-300"
          >
            Analisys:
            <div
              className="px-1 m-1 inline-block shadow-md no-underline rounded-full bg-danger text-white border-danger btn-primary text-md sm:text-sm"
            >
              Python
            </div>
            <div
              className="px-1 m-1 inline-block shadow-md no-underline rounded-full bg-danger text-white border-danger btn-primary text-md sm:text-sm"
            >
              Pandas
            </div>
            <div
              className="px-1 m-1 inline-block shadow-md no-underline rounded-full bg-danger text-white border-danger btn-primary text-md sm:text-sm"
            >
              NumPY
            </div>
            <div
              className="px-1 m-1 inline-block shadow-md no-underline rounded-full bg-danger text-white border-danger btn-primary text-md sm:text-sm"
            >
              Matplotlib
            </div>
          </div>
          <div
            className="justify-center my-1 select-none whitespace-pre-wrap text-gray-300"
          >
            Test:
            <div
              className="px-1 m-1 inline-block shadow-md no-underline rounded-full bg-success text-white border-success btn-primary text-md sm:text-sm"
            >
              Jest
            </div>
            <div
              className="px-1 m-1 inline-block shadow-md no-underline rounded-full bg-success text-white border-success btn-primary text-md sm:text-sm"
            >
              Enzyme
            </div>
          </div>
          <a
            className="icon-link"
            href="https://github.com/hcandelaria/dataVisualization"
            rel="noreferrer"
            target="_blank"
          >
            <iconify-icon
              height="32px"
              icon="logo-github"
              width="32px"
            />
          </a>
          <a
            className="icon-link"
            href="https://data.hcandelaria.com"
            rel="noreferrer"
            target="_blank"
          >
            <iconify-icon
              height="32px"
              icon="globe-outline"
              width="32px"
            />
          </a>
        </div>
      </div>
    </div>
  </ul>
</section>
`;
